

================================================================
== Vivado HLS Report for 'adder_tree_balanced'
================================================================
* Date:           Mon Apr 12 23:38:36 2021

* Version:        2019.2 (Build 2704478 on Wed Nov 06 22:10:23 MST 2019)
* Project:        automatic_balancing
* Solution:       solution1
* Product family: zynq
* Target device:  xc7z020-clg484-1


================================================================
== Performance Estimates
================================================================
+ Timing: 
    * Summary: 
    +--------+---------+----------+------------+
    |  Clock |  Target | Estimated| Uncertainty|
    +--------+---------+----------+------------+
    |ap_clk  | 5.00 ns | 3.669 ns |   0.63 ns  |
    +--------+---------+----------+------------+

+ Latency: 
    * Summary: 
    +---------+---------+-----------+-----------+-----+-----+----------+
    |  Latency (cycles) |   Latency (absolute)  |  Interval | Pipeline |
    |   min   |   max   |    min    |    max    | min | max |   Type   |
    +---------+---------+-----------+-----------+-----+-----+----------+
    |        2|        2| 10.000 ns | 10.000 ns |    1|    1| function |
    +---------+---------+-----------+-----------+-----+-----+----------+

    + Detail: 
        * Instance: 
        N/A

        * Loop: 
        N/A



================================================================
== Utilization Estimates
================================================================
* Summary: 
+-----------------+---------+-------+--------+-------+-----+
|       Name      | BRAM_18K| DSP48E|   FF   |  LUT  | URAM|
+-----------------+---------+-------+--------+-------+-----+
|DSP              |        -|      -|       -|      -|    -|
|Expression       |        -|      -|       0|     81|    -|
|FIFO             |        -|      -|       -|      -|    -|
|Instance         |        -|      -|       -|      -|    -|
|Memory           |        -|      -|       -|      -|    -|
|Multiplexer      |        -|      -|       -|      -|    -|
|Register         |        -|      -|      67|      -|    -|
+-----------------+---------+-------+--------+-------+-----+
|Total            |        0|      0|      67|     81|    0|
+-----------------+---------+-------+--------+-------+-----+
|Available        |      280|    220|  106400|  53200|    0|
+-----------------+---------+-------+--------+-------+-----+
|Utilization (%)  |        0|      0|   ~0   |   ~0  |    0|
+-----------------+---------+-------+--------+-------+-----+

+ Detail: 
    * Instance: 
    N/A

    * DSP48E: 
    N/A

    * Memory: 
    N/A

    * FIFO: 
    N/A

    * Expression: 
    +---------------------------+----------+-------+---+----+------------+------------+
    |       Variable Name       | Operation| DSP48E| FF| LUT| Bitwidth P0| Bitwidth P1|
    +---------------------------+----------+-------+---+----+------------+------------+
    |add_ln700_1_fu_90_p2       |     +    |      0|  0|  15|           8|           8|
    |add_ln700_2_fu_111_p2      |     +    |      0|  0|   8|           8|           8|
    |add_ln700_3_fu_102_p2      |     +    |      0|  0|   8|           8|           8|
    |add_ln700_4_fu_96_p2       |     +    |      0|  0|  15|           8|           8|
    |add_ln700_5_fu_106_p2      |     +    |      0|  0|   8|           8|           8|
    |add_ln700_fu_84_p2         |     +    |      0|  0|  15|           8|           8|
    |ap_return                  |     +    |      0|  0|   8|           8|           8|
    |ap_block_pp0_stage0_11001  |    and   |      0|  0|   2|           1|           1|
    |ap_enable_pp0              |    xor   |      0|  0|   2|           1|           2|
    +---------------------------+----------+-------+---+----+------------+------------+
    |Total                      |          |      0|  0|  81|          58|          59|
    +---------------------------+----------+-------+---+----+------------+------------+

    * Multiplexer: 
    N/A

    * Register: 
    +-----------------------------------+---+----+-----+-----------+
    |                Name               | FF| LUT| Bits| Const Bits|
    +-----------------------------------+---+----+-----+-----------+
    |add_ln700_1_reg_135                |  8|   0|    8|          0|
    |add_ln700_1_reg_135_pp0_iter1_reg  |  8|   0|    8|          0|
    |add_ln700_4_reg_140                |  8|   0|    8|          0|
    |add_ln700_5_reg_145                |  8|   0|    8|          0|
    |add_ln700_reg_130                  |  8|   0|    8|          0|
    |add_ln700_reg_130_pp0_iter1_reg    |  8|   0|    8|          0|
    |ap_CS_fsm                          |  1|   0|    1|          0|
    |ap_enable_reg_pp0_iter1            |  1|   0|    1|          0|
    |ap_enable_reg_pp0_iter2            |  1|   0|    1|          0|
    |din_4_V_read_reg_120               |  8|   0|    8|          0|
    |din_5_V_read_reg_125               |  8|   0|    8|          0|
    +-----------------------------------+---+----+-----+-----------+
    |Total                              | 67|   0|   67|          0|
    +-----------------------------------+---+----+-----+-----------+



================================================================
== Interface
================================================================
* Summary: 
+-----------+-----+-----+------------+---------------------+--------------+
| RTL Ports | Dir | Bits|  Protocol  |    Source Object    |    C Type    |
+-----------+-----+-----+------------+---------------------+--------------+
|ap_clk     |  in |    1| ap_ctrl_hs | adder_tree_balanced | return value |
|ap_rst     |  in |    1| ap_ctrl_hs | adder_tree_balanced | return value |
|ap_start   |  in |    1| ap_ctrl_hs | adder_tree_balanced | return value |
|ap_done    | out |    1| ap_ctrl_hs | adder_tree_balanced | return value |
|ap_idle    | out |    1| ap_ctrl_hs | adder_tree_balanced | return value |
|ap_ready   | out |    1| ap_ctrl_hs | adder_tree_balanced | return value |
|ap_return  | out |    8| ap_ctrl_hs | adder_tree_balanced | return value |
|din_0_V    |  in |    8|   ap_none  |       din_0_V       |    pointer   |
|din_1_V    |  in |    8|   ap_none  |       din_1_V       |    pointer   |
|din_2_V    |  in |    8|   ap_none  |       din_2_V       |    pointer   |
|din_3_V    |  in |    8|   ap_none  |       din_3_V       |    pointer   |
|din_4_V    |  in |    8|   ap_none  |       din_4_V       |    pointer   |
|din_5_V    |  in |    8|   ap_none  |       din_5_V       |    pointer   |
|din_6_V    |  in |    8|   ap_none  |       din_6_V       |    pointer   |
|din_7_V    |  in |    8|   ap_none  |       din_7_V       |    pointer   |
+-----------+-----+-----+------------+---------------------+--------------+

